1 46
2 2079
3 89890
4 3894594
5 164075551
6 6923051137