1 48
2 2039
3 97862
4 4085603
5 193690690
6 8031647685