1 14
2 191
3 2812
4 43238
5 674624
6 11030083
7 178633661
8 3009794393