h4h7 M2
g4f6 M2
c3h8 M3
c1h6 M3
e1e8 M2
f4f5 M2
e1d2 M2
c8a6 M2
f2f6 M2
d4b3 M2