e5b8 M3
b5a4 M2
h3h5 M3
c5b7 M4
e6h3 M2
d8a5 M3
h2g1 M3