a1b1 Sebastian Lague Endgame (Transposition Table)
g7g2 2400 Elo Sacrifice M4
b4b1 188 Elo Back Rank Checkmate